
> meetmind-ai@0.1.0 build
> next build

node.exe : ΓÜá Warning: 
Next.js inferred your 
workspace root, but it 
may not be correct.
At line:1 char:1
+ & "C:\Program 
Files\nodejs/node.exe" 
"C:\Program 
Files\nodejs/node_mo ...
+ ~~~~~~~~~~~~~~~~~~~~~~~~
~~~~~~~~~~~~~~~~~~~~~~~~~~
~~~~~~~~~~~~~~~~~~~
    + CategoryInfo        
      : NotSpecified: (Γ  
  Üá Warning: Ne...not    
 be correct.:String) [    
], RemoteException
    + FullyQualifiedError 
   Id : NativeCommandErr  
  or
 
 We detected multiple 
lockfiles and selected 
the directory of C:\Users\
ASUS\package-lock.json as 
the root directory.
 To silence this warning, 
set `turbopack.root` in 
your Next.js config, or 
consider removing one of 
the lockfiles if it's not 
needed.
   See https://nextjs.org/
docs/app/api-reference/con
fig/next-config-js/turbopa
ck#root-directory for 
more information.
 Detected additional 
lockfiles: 
   * C:\Users\ASUS\.gemini
\antigravity\scratch\meetm
ind-ai\package-lock.json

Γû▓ Next.js 16.2.2 (Turbopack)

  Creating an optimized production build ...

> Build error occurred
Error: Turbopack build 
failed with 2 errors:
./.gemini/antigravity/scra
tch/meetmind-ai/src/compon
ents/Header.tsx:2:1
Export Github doesn't 
exist in target module
  [90m1 |[0m 
[36mimport[0m 
[33mReact[0m 
[36mfrom[0m 
[32m'react'[0m;
[31m[1m>[0m [90m2 
|[0m [36mimport[0m { 
[33mBrain[0m, 
[33mSettings[0m, 
[33mGithub[0m } 
[36mfrom[0m 
[32m'lucide-react'[0m;
  [90m  |[0m [31m[1m^^
^^^^^^^^^^^^^^^^^^^^^^^^^^
^^^^^^^^^^^^^^^^^^^^^^^^^^
^[0m
  [90m3 |[0m
  [90m4 |[0m 
[36mexport[0m 
[36mdefault[0m 
[36mfunction[0m 
[33mHeader[0m() {
  [90m5 |[0m   
[36mreturn[0m (

The export Github was not 
found in module [project]/
.gemini/antigravity/scratc
h/meetmind-ai/node_modules
/lucide-react/dist/esm/luc
ide-react.js [app-client] 
(ecmascript).
Did you mean to import 
Gift?
All exports of the module 
are statically known (It 
doesn't have dynamic 
exports). So it's known 
statically that the 
requested export doesn't 
exist.

Import traces:
  Client Component 
Browser:
    ./.gemini/antigravity/
scratch/meetmind-ai/src/co
mponents/Header.tsx 
[Client Component Browser]
    ./.gemini/antigravity/
scratch/meetmind-ai/src/ap
p/page.tsx [Client 
Component Browser]
    ./.gemini/antigravity/
scratch/meetmind-ai/src/ap
p/page.tsx [Server 
Component]

  Client Component SSR:
    ./.gemini/antigravity/
scratch/meetmind-ai/src/co
mponents/Header.tsx 
[Client Component SSR]
    ./.gemini/antigravity/
scratch/meetmind-ai/src/ap
p/page.tsx [Client 
Component SSR]
    ./.gemini/antigravity/
scratch/meetmind-ai/src/ap
p/page.tsx [Server 
Component]


./.gemini/antigravity/scra
tch/meetmind-ai/src/compon
ents/Header.tsx:2:1
Export Github doesn't 
exist in target module
  [90m1 |[0m 
[36mimport[0m 
[33mReact[0m 
[36mfrom[0m 
[32m'react'[0m;
[31m[1m>[0m [90m2 
|[0m [36mimport[0m { 
[33mBrain[0m, 
[33mSettings[0m, 
[33mGithub[0m } 
[36mfrom[0m 
[32m'lucide-react'[0m;
  [90m  |[0m [31m[1m^^
^^^^^^^^^^^^^^^^^^^^^^^^^^
^^^^^^^^^^^^^^^^^^^^^^^^^^
^[0m
  [90m3 |[0m
  [90m4 |[0m 
[36mexport[0m 
[36mdefault[0m 
[36mfunction[0m 
[33mHeader[0m() {
  [90m5 |[0m   
[36mreturn[0m (

The export Github was not 
found in module [project]/
.gemini/antigravity/scratc
h/meetmind-ai/node_modules
/lucide-react/dist/esm/luc
ide-react.js [app-ssr] 
(ecmascript).
Did you mean to import 
Gift?
All exports of the module 
are statically known (It 
doesn't have dynamic 
exports). So it's known 
statically that the 
requested export doesn't 
exist.

Import traces:
  Client Component 
Browser:
    ./.gemini/antigravity/
scratch/meetmind-ai/src/co
mponents/Header.tsx 
[Client Component Browser]
    ./.gemini/antigravity/
scratch/meetmind-ai/src/ap
p/page.tsx [Client 
Component Browser]
    ./.gemini/antigravity/
scratch/meetmind-ai/src/ap
p/page.tsx [Server 
Component]

  Client Component SSR:
    ./.gemini/antigravity/
scratch/meetmind-ai/src/co
mponents/Header.tsx 
[Client Component SSR]
    ./.gemini/antigravity/
scratch/meetmind-ai/src/ap
p/page.tsx [Client 
Component SSR]
    ./.gemini/antigravity/
scratch/meetmind-ai/src/ap
p/page.tsx [Server 
Component]


    at <unknown> (./.gemin
i/antigravity/scratch/meet
mind-ai/src/components/Hea
der.tsx:2:1)
    at <unknown> (./.gemin
i/antigravity/scratch/meet
mind-ai/src/components/Hea
der.tsx:2:1)
